<html>
<body>
<pre>
<h1>µVision Build Log</h1>
<h2>Tool Versions:</h2>
IDE-Version: µVision V5.24.2.0
Copyright (C) 2017 ARM Ltd and ARM Germany GmbH. All rights reserved.
License Information: Venetis Pallikaras, Democritus University of Thrace, LIC=----
 
Tool Versions:
Toolchain:       MDK-Lite  Version: 5.24.1
Toolchain Path:  C:\Keil_v5\ARM\ARMCC\Bin
C Compiler:      Armcc.exe V5.06 update 5 (build 528)
Assembler:       Armasm.exe V5.06 update 5 (build 528)
Linker/Locator:  ArmLink.exe V5.06 update 5 (build 528)
Library Manager: ArmAr.exe V5.06 update 5 (build 528)
Hex Converter:   FromElf.exe V5.06 update 5 (build 528)
CPU DLL:         SARMCM3.DLL V5.24.1
Dialog DLL:      DARMCM1.DLL V1.18.0.0
Target DLL:      CMSIS_AGDI.dll V1.28.3.0
Dialog DLL:      TARMCM1.DLL V1.13.0.0
 
<h2>Project:</h2>
C:\Users\Infinity\Desktop\Project\BasicUI.uvprojx
Project File Date:  01/20/2018

<h2>Output:</h2>
*** Using Compiler 'V5.06 update 5 (build 528)', folder: 'C:\Keil_v5\ARM\ARMCC\Bin'
Build target 'KL25Z Flash'
compiling main.c...
src\main.c(472): warning:  #128-D: loop is not reachable
  		while (1) ;
src\main.c(85): warning: A1581W: Added 2 bytes of padding at address 0x7e
src\main.c(115): warning: A1581W: Added 2 bytes of padding at address 0xb6
src\main.c(129): warning: A1581W: Added 2 bytes of padding at address 0xde
src\main.c(170): warning: A1581W: Added 2 bytes of padding at address 0x136
src\main.c(178): warning: A1581W: Added 2 bytes of padding at address 0x14e
src\main.c(240): warning: A1581W: Added 2 bytes of padding at address 0x1c2
src\main.c(253): warning: A1581W: Added 2 bytes of padding at address 0x1ea
src\main.c(273): warning: A1581W: Added 2 bytes of padding at address 0x21a
src\main.c: 1 warning, 0 errors
linking...
Program Size: Code=1388 RO-data=224 RW-data=8 ZI-data=1024  
".\BasicUI.axf" - 0 Error(s), 9 Warning(s).

<h2>Software Packages used:</h2>

Package Vendor: ARM
                http://www.keil.com/pack/ARM.CMSIS.5.0.1.pack
                ARM.CMSIS.5.0.1
                CMSIS (Cortex Microcontroller Software Interface Standard)
   * Component: CORE Version: 5.0.1

Package Vendor: Keil
                http://www.keil.com/pack/Keil.Kinetis_KLxx_DFP.1.13.0.pack
                Keil.Kinetis_KLxx_DFP.1.13.0
                NXP Kinetis KLxx Series Device Support and Examples

<h2>Collection of Component include folders:</h2>
  .\RTE\_KL25Z_Flash
  C:\Keil_v5\ARM\PACK\ARM\CMSIS\5.0.1\CMSIS\Include
  C:\Keil_v5\ARM\PACK\Keil\Kinetis_KLxx_DFP\1.13.0\Device\Include

<h2>Collection of Component Files used:</h2>

   * Component: ARM::CMSIS:CORE:5.0.1
Build Time Elapsed:  00:00:01
</pre>
</body>
</html>
